// Jest Snapshot v1, https://goo.gl/fbAQLP

exports[`TransformedComponent should render TransformedComponent 1`] = `
<div
  classNames="default-prefix-disabled default-prefix-size-lg"
  disabled={true}
  size="lg"
>
  Test
</div>
`;
